// Jest Snapshot v1, https://goo.gl/fbAQLP

exports[`Main component rendering snapshot of Main page with mocked store page 1`] = `[Function]`;
